Microchip MPLAB XC8 Compiler V3.00

Linker command line:

-W-3 \
  --edf=C:\Program Files\Microchip\xc8\v3.00\pic\dat\20241204225717_en.msgs \
  -cn -h+dist/default/production\ECU1.X.production.sym \
  --cmf=dist/default/production\ECU1.X.production.cmf -z -Q18F4580 \
  -oC:\Users\2003a\AppData\Local\Temp\xcCse80.2\driver_tmp_3.o \
  --defsym=__MPLAB_BUILD=1 --fixupoverflow=error \
  -Mdist/default/production/ECU1.X.production.map \
  --md=C:\Users\2003a\AppData\Local\Temp\xcCse80.2\driver_tmp_0.dat -E1 \
  -ver=XC8 Compiler -ACODE=00h-03000h -ACONST=00h-03000h \
  -ASMALLCONST=0600h-06FFhx42,03000h-03000h -AMEDIUMCONST=0600h-03000h \
  -ACOMRAM=01h-05Fh -AABS1=00h-05FFh -ABIGRAM=01h-05FFh \
  -ARAM=060h-0FFh,0100h-01FFhx5 -ABANK0=060h-0FFh -ABANK1=0100h-01FFh \
  -ABANK2=0200h-02FFh -ABANK3=0300h-03FFh -ABANK4=0400h-04FFh \
  -ABANK5=0500h-05FFh -ASFR=0D00h-0DFFhx2,0F00h-0F5Fh,0F60h-0FFFh \
  -ABIGSFR=0D00h-0FFFh -ACONFIG=0300000h-030000Dh -AIDLOC=0200000h-0200007h \
  -AEEDATA=0F00000h-0F000FFh -peeprom_data=EEDATA \
  -preset_vec=00h,intcode=8h,intcodelo=18h,sivt_lo,sivt_hi=CODE \
  -ppowerup=CODE,init -pramtop=0600h -psmallconst=SMALLCONST \
  -pmediumconst=MEDIUMCONST -pconst=CONST -AFARRAM=00h-00h \
  -prdata=COMRAM,nvrram=COMRAM,nvbit=COMRAM,rbss=COMRAM,rbit=COMRAM \
  -pfarbss=FARRAM,fardata=FARRAM,nvFARRAM=FARRAM \
  -pintsave_regs=BIGRAM,bigbss=BIGRAM,bigdata=BIGRAM -pbss=RAM \
  -pidata=CODE,irdata=CODE,ibigdata=CODE,ifardata=CODE -prparam=COMRAM \
  C:\Users\2003a\AppData\Local\Temp\xcCse80.2\driver_tmp_9.o \
  dist/default/production\ECU1.X.production.o 

Object code version is 3.11

Machine type is 18F4580



                Name                               Link     Load   Length Selector   Space Scale
C:\Users\2003a\AppData\Local\Temp\xcCse80.2\driver_tmp_9.o
                idloc                            200000   200000        8        0       5
                config                           300000   300000        E        0       4
                init                               2FFC     2FFC        4     17FE       0
                reset_vec                             0        0        4        0       0
dist/default/production\ECU1.X.production.o
                idloc                            200000   200000        8        0       5
                config                           300000   300000        E        0       4
                smallconst                          600      600        2      300       0
                text16                              602      602      390      301       0
                text15                              C76      C76      106      301       0
                text14                              F5A      F5A       74      301       0
                text13                             103E     103E       64      301       0
                text12                              992      992      1B4      301       0
                text11                             1164     1164       3C      301       0
                text10                              FCE      FCE       70      301       0
                text9                              10A2     10A2       46      301       0
                text8                               D7C      D7C       C4      301       0
                text7                              11FA     11FA       1C      301       0
                text6                              1128     1128       3C      301       0
                text5                              11A0     11A0       3A      301       0
                text4                               E40      E40       A6      301       0
                text3                              1232     1232        8      919       0
                text2                              11DA     11DA       20      301       0
                text1                               EE6      EE6       74      301       0
                text0                               B46      B46      130      301       0
                cstackCOMRAM                          1        1       5A        1       1
                dataBANK0                            60       60       1B       60       1
                dataCOMRAM                           5B       5B        2        1       1
                bssCOMRAM                            5D       5D        1        1       1
                cinit                              10E8     10E8       40      301       0
                idataBANK0                         1216     1216       1B      301       0
                idataCOMRAM                        123A     123A        2      919       0

TOTAL           Name                               Link     Load   Length     Space
        CLASS   CODE           
                init                               2FFC     2FFC        4         0
                reset_vec                             0        0        4         0
                text16                              602      602      390         0
                text15                              C76      C76      106         0
                text14                              F5A      F5A       74         0
                text13                             103E     103E       64         0
                text12                              992      992      1B4         0
                text11                             1164     1164       3C         0
                text10                              FCE      FCE       70         0
                text9                              10A2     10A2       46         0
                text8                               D7C      D7C       C4         0
                text7                              11FA     11FA       1C         0
                text6                              1128     1128       3C         0
                text5                              11A0     11A0       3A         0
                text4                               E40      E40       A6         0
                text3                              1232     1232        8         0
                text2                              11DA     11DA       20         0
                text1                               EE6      EE6       74         0
                text0                               B46      B46      130         0
                cinit                              10E8     10E8       40         0
                idataBANK0                         1216     1216       1B         0
                idataCOMRAM                        123A     123A        2         0

        CLASS   CONST          

        CLASS   SMALLCONST     
                smallconst                          600      600        2         0

        CLASS   MEDIUMCONST    

        CLASS   COMRAM         
                cstackCOMRAM                          1        1       5A         1
                dataCOMRAM                           5B       5B        2         1
                bssCOMRAM                            5D       5D        1         1

        CLASS   ABS1           

        CLASS   BIGRAM         

        CLASS   RAM            

        CLASS   BANK0          
                dataBANK0                            60       60       1B         1

        CLASS   BANK1          

        CLASS   BANK2          

        CLASS   BANK3          

        CLASS   BANK4          

        CLASS   BANK5          

        CLASS   SFR            

        CLASS   BIGSFR         

        CLASS   CONFIG         
                config                           300000   300000        E         4

        CLASS   IDLOC          
                idloc                            200000   200000        8         5

        CLASS   EEDATA         

        CLASS   FARRAM         

        CLASS   HEAP           

        CLASS   STACK          



SEGMENTS        Name                           Load    Length   Top    Selector   Space  Class

                reset_vec                      000000  000004  000004         0       0  CODE    
                cstackCOMRAM                   000001  00005D  00005E         1       1  COMRAM  
                dataBANK0                      000060  00001B  00007B        60       1  BANK0   
                smallconst                     000600  000002  000602       300       0  SMALLCON
                text16                         000602  000C2F  001231       301       0  CODE    
                text3                          001232  00000A  00123C       919       0  CODE    
                init                           002FFC  000004  003000      17FE       0  CODE    


UNUSED ADDRESS RANGES

        Name                Unused          Largest block    Delta
        BANK0            00007B-0000FF               85
        BANK1            000100-0001FF              100
        BANK2            000200-0002FF              100
        BANK3            000300-0003FF              100
        BANK4            000400-0004FF              100
        BANK5            000500-0005FF              100
        BIGRAM           00005E-00005F                2
                         00007B-0005FF              585
        BIGSFR           000D00-000FFF              300
        CODE             000004-0005FF              5FC
                         001231-001231                1
                         00123C-002FFB             1DC0
                         003000-003000                1
        COMRAM           00005E-00005F                2
        CONST            000004-0005FF              5FC
                         001231-001231                1
                         00123C-002FFB             1DC0
                         003000-003000                1
        EEDATA           F00000-F000FF              100
        MEDIUMCONST      001231-001231                1
                         00123C-002FFB             1DC0
                         003000-003000                1
        RAM              00007B-0005FF              100
        SFR              000D00-000FFF              100
        SMALLCONST       001231-001231                1
                         00123C-002FFB              100
                         003000-003000                1

                                  Symbol Table

?___fldiv                          cstackCOMRAM 00000F
?___fltol                          cstackCOMRAM 000028
?___lwdiv                          cstackCOMRAM 000001
?___lwmod                          cstackCOMRAM 000001
?___xxtofl                         cstackCOMRAM 000001
?_read_adc                         cstackCOMRAM 000001
_ACQT0                             (abs)        007E03
_ACQT1                             (abs)        007E04
_ACQT2                             (abs)        007E05
_ADCON0                            (abs)        000FC2
_ADCON1                            (abs)        000FC1
_ADCS0                             (abs)        007E00
_ADCS1                             (abs)        007E01
_ADCS2                             (abs)        007E02
_ADFM                              (abs)        007E07
_ADON                              (abs)        007E10
_ADRESH                            (abs)        000FC4
_ADRESL                            (abs)        000FC3
_BRG16                             (abs)        007DC3
_BRGCON1                           (abs)        000F70
_BRGCON2                           (abs)        000F71
_BRGCON3                           (abs)        000F72
_BRGH                              (abs)        007D62
_CANCON                            (abs)        000F6F
_CANSTAT                           (abs)        000F6E
_CREN                              (abs)        007D5C
_ECANCON                           (abs)        000F77
_GO                                (abs)        007E11
_GODONE                            (abs)        007E11
_PORTB                             (abs)        000F81
_PORTBbits                         (abs)        000F81
_PORTC                             (abs)        000F82
_PORTD                             (abs)        000F83
_RBPU                              (abs)        007F8F
_RC0                               (abs)        007C10
_RC1                               (abs)        007C11
_RC2                               (abs)        007C12
_RCIF                              (abs)        007CF5
_RCREG                             (abs)        000FAE
_RD7                               (abs)        007C1F
_RX9                               (abs)        007D5E
_RXB0CON                           (abs)        000F60
_RXB0CONbits                       (abs)        000F60
_RXB0D0                            (abs)        000F66
_RXB0DLC                           (abs)        000F65
_RXB0FUL                           (abs)        007B07
_RXB0IF                            (abs)        007D20
_RXB0SIDH                          (abs)        000F61
_RXB0SIDL                          (abs)        000F62
_RXFCON0                           (abs)        000DD4
_SENDB                             (abs)        007D63
_SPBRG                             (abs)        000FAF
_SPEN                              (abs)        007D5F
_SYNC                              (abs)        007D64
_TRISB                             (abs)        000F93
_TRISB2                            (abs)        007C9A
_TRISB3                            (abs)        007C9B
_TRISC                             (abs)        000F94
_TRISC6                            (abs)        007CA6
_TRISC7                            (abs)        007CA7
_TRISD                             (abs)        000F95
_TRISD7                            (abs)        007CAF
_TX9                               (abs)        007D66
_TXB0D0                            (abs)        000F46
_TXB0DLC                           (abs)        000F45
_TXB0EIDH                          (abs)        000F43
_TXB0EIDL                          (abs)        000F44
_TXB0REQ                           (abs)        007A03
_TXB0SIDH                          (abs)        000F41
_TXB0SIDL                          (abs)        000F42
_TXEN                              (abs)        007D65
_TXIF                              (abs)        007CF4
_TXREG                             (abs)        000FAD
_VCFG0                             (abs)        007E0C
_VCFG1                             (abs)        007E0D
__HRAM                             (abs)        000000
__H__absolute__                    __absolute__ 000000
__Habs1                            abs1         000000
__Hbank0                           bank0        000000
__Hbank1                           bank1        000000
__Hbank2                           bank2        000000
__Hbank3                           bank3        000000
__Hbank4                           bank4        000000
__Hbank5                           bank5        000000
__Hbigbss                          bigbss       000000
__Hbigdata                         bigdata      000000
__Hbigram                          bigram       000000
__Hbigsfr                          bigsfr       000000
__Hbss                             bss          000000
__HbssCOMRAM                       bssCOMRAM    000000
__Hcinit                           cinit        000000
__Hclrtext                         clrtext      000000
__Hcomram                          comram       000000
__Hconfig                          config       30000E
__Hconst                           const        000000
__HcstackCOMRAM                    cstackCOMRAM 000000
__Hdata                            data         000000
__HdataBANK0                       dataBANK0    000000
__HdataCOMRAM                      dataCOMRAM   000000
__Heeprom_data                     eeprom_data  000000
__Hfarbss                          farbss       000000
__Hfardata                         fardata      000000
__Hheap                            heap         000000
__Hibigdata                        ibigdata     000000
__Hidata                           idata        000000
__HidataBANK0                      idataBANK0   000000
__HidataCOMRAM                     idataCOMRAM  000000
__Hidloc                           idloc        200008
__Hifardata                        ifardata     000000
__Hinit                            init         003000
__Hintcode                         intcode      000008
__Hintcode_body                    intcode_body 000000
__Hintcodelo                       intcodelo    000018
__Hintentry                        intentry     000000
__Hintret                          intret       000000
__Hintsave_regs                    intsave_regs 000000
__Hirdata                          irdata       000000
__Hmediumconst                     mediumconst  000000
__HnvFARRAM                        nvFARRAM     000000
__Hnvbit                           nvbit        000000
__Hnvrram                          nvrram       000000
__Hparam                           rparam       000000
__Hpowerup                         powerup      000000
__Hram                             ram          000000
__Hramtop                          ramtop       000600
__Hrbit                            rbit         000000
__Hrbss                            rbss         000000
__Hrdata                           rdata        000000
__Hreset_vec                       reset_vec    000004
__Hrparam                          rparam       000000
__Hsfr                             sfr          000000
__Hsivt_hi                         sivt_hi      000000
__Hsivt_lo                         sivt_lo      000018
__Hsmallconst                      smallconst   000602
__Hspace_0                         (abs)        003000
__Hspace_1                         (abs)        00007B
__Hspace_2                         (abs)        000000
__Hspace_4                         (abs)        60000E
__Hstack                           stack        000000
__Hstruct                          struct       000000
__Htemp                            temp         000000
__Htext                            text         000000
__Htext0                           text0        000000
__Htext1                           text1        000000
__Htext10                          text10       000000
__Htext11                          text11       000000
__Htext12                          text12       000000
__Htext13                          text13       000000
__Htext14                          text14       000000
__Htext15                          text15       000000
__Htext16                          text16       000000
__Htext2                           text2        000000
__Htext3                           text3        000000
__Htext4                           text4        000000
__Htext5                           text5        000000
__Htext6                           text6        000000
__Htext7                           text7        000000
__Htext8                           text8        000000
__Htext9                           text9        000000
__LRAM                             (abs)        000001
__L__absolute__                    __absolute__ 000000
__Labs1                            abs1         000000
__Lbank0                           bank0        000000
__Lbank1                           bank1        000000
__Lbank2                           bank2        000000
__Lbank3                           bank3        000000
__Lbank4                           bank4        000000
__Lbank5                           bank5        000000
__Lbigbss                          bigbss       000000
__Lbigdata                         bigdata      000000
__Lbigram                          bigram       000000
__Lbigsfr                          bigsfr       000000
__Lbss                             bss          000000
__LbssCOMRAM                       bssCOMRAM    000000
__Lcinit                           cinit        000000
__Lclrtext                         clrtext      000000
__Lcomram                          comram       000000
__Lconfig                          config       000000
__Lconst                           const        000000
__LcstackCOMRAM                    cstackCOMRAM 000000
__Ldata                            data         000000
__LdataBANK0                       dataBANK0    000000
__LdataCOMRAM                      dataCOMRAM   000000
__Leeprom_data                     eeprom_data  000000
__Lfarbss                          farbss       000000
__Lfardata                         fardata      000000
__Lheap                            heap         000000
__Libigdata                        ibigdata     000000
__Lidata                           idata        000000
__LidataBANK0                      idataBANK0   000000
__LidataCOMRAM                     idataCOMRAM  000000
__Lidloc                           idloc        000000
__Lifardata                        ifardata     000000
__Linit                            init         002FFC
__Lintcode                         intcode      000008
__Lintcode_body                    intcode_body 000000
__Lintcodelo                       intcodelo    000018
__Lintentry                        intentry     000000
__Lintret                          intret       000000
__Lintsave_regs                    intsave_regs 000000
__Lirdata                          irdata       000000
__Lmediumconst                     mediumconst  000000
__LnvFARRAM                        nvFARRAM     000000
__Lnvbit                           nvbit        000000
__Lnvrram                          nvrram       000000
__Lparam                           rparam       000000
__Lpowerup                         powerup      000000
__Lram                             ram          000000
__Lramtop                          ramtop       000600
__Lrbit                            rbit         000000
__Lrbss                            rbss         000000
__Lrdata                           rdata        000000
__Lreset_vec                       reset_vec    000000
__Lrparam                          rparam       000000
__Lsfr                             sfr          000000
__Lsivt_hi                         sivt_hi      000000
__Lsivt_lo                         sivt_lo      000018
__Lsmallconst                      smallconst   000600
__Lspace_0                         (abs)        000000
__Lspace_1                         (abs)        000000
__Lspace_2                         (abs)        000000
__Lspace_4                         (abs)        000000
__Lstack                           stack        000000
__Lstruct                          struct       000000
__Ltemp                            temp         000000
__Ltext                            text         000000
__Ltext0                           text0        000000
__Ltext1                           text1        000000
__Ltext10                          text10       000000
__Ltext11                          text11       000000
__Ltext12                          text12       000000
__Ltext13                          text13       000000
__Ltext14                          text14       000000
__Ltext15                          text15       000000
__Ltext16                          text16       000000
__Ltext2                           text2        000000
__Ltext3                           text3        000000
__Ltext4                           text4        000000
__Ltext5                           text5        000000
__Ltext6                           text6        000000
__Ltext7                           text7        000000
__Ltext8                           text8        000000
__Ltext9                           text9        000000
__S0                               (abs)        003000
__S1                               (abs)        00007B
__S4                               (abs)        000000
__S5                               (abs)        000000
___fldiv                           text16       000602
___fldiv@a                         cstackCOMRAM 000013
___fldiv@aexp                      cstackCOMRAM 000027
___fldiv@b                         cstackCOMRAM 00000F
___fldiv@bexp                      cstackCOMRAM 000026
___fldiv@grs                       cstackCOMRAM 000022
___fldiv@new_exp                   cstackCOMRAM 000020
___fldiv@rem                       cstackCOMRAM 00001B
___fldiv@sign                      cstackCOMRAM 00001F
___fltol                           text15       000C76
___fltol@exp1                      cstackCOMRAM 000031
___fltol@f1                        cstackCOMRAM 000028
___fltol@sign1                     cstackCOMRAM 000030
___heap_hi                         (abs)        000000
___heap_lo                         (abs)        000000
___inthi_sp                        stack        000000
___inthi_stack_hi                  stack        000000
___inthi_stack_lo                  stack        000000
___intlo_sp                        stack        000000
___intlo_stack_hi                  stack        000000
___intlo_stack_lo                  stack        000000
___lwdiv                           text14       000F5A
___lwdiv@counter                   cstackCOMRAM 000007
___lwdiv@dividend                  cstackCOMRAM 000001
___lwdiv@divisor                   cstackCOMRAM 000003
___lwdiv@quotient                  cstackCOMRAM 000005
___lwmod                           text13       00103E
___lwmod@counter                   cstackCOMRAM 000005
___lwmod@dividend                  cstackCOMRAM 000001
___lwmod@divisor                   cstackCOMRAM 000003
___param_bank                      (abs)        000000
___rparam_used                     (abs)        000001
___sp                              stack        000000
___stack_hi                        stack        000000
___stack_lo                        stack        000000
___xxtofl                          text12       000992
___xxtofl@arg                      cstackCOMRAM 00000B
___xxtofl@exp                      cstackCOMRAM 00000A
___xxtofl@sign                     cstackCOMRAM 000009
___xxtofl@val                      cstackCOMRAM 000001
__accesstop                        (abs)        000060
__activetblptr                     (abs)        000000
__end_of___fldiv                   text16       000992
__end_of___fltol                   text15       000D7C
__end_of___lwdiv                   text14       000FCE
__end_of___lwmod                   text13       0010A2
__end_of___xxtofl                  text12       000B46
__end_of__initialization           cinit        001122
__end_of_can_transmit              text10       00103E
__end_of_clcd_write                text5        0011DA
__end_of_get_speed                 text8        000E40
__end_of_init_adc                  text7        001216
__end_of_init_can                  text6        001164
__end_of_init_clcd                 text4        000EE6
__end_of_init_digital_keypad       text3        00123A
__end_of_init_uart                 text2        0011FA
__end_of_main                      text0        000C76
__end_of_read_adc                  text9        0010E8
__end_of_read_digital_keypad       text1        000F5A
__end_of_set_msg_id_std            text11       0011A0
__initialization                   cinit        0010E8
__mediumconst                      smallconst   000600
__pbssCOMRAM                       bssCOMRAM    00005D
__pcinit                           cinit        0010E8
__pcstackCOMRAM                    cstackCOMRAM 000001
__pdataBANK0                       dataBANK0    000060
__pdataCOMRAM                      dataCOMRAM   00005B
__pidataBANK0                      idataBANK0   001216
__pidataCOMRAM                     idataCOMRAM  00123A
__psmallconst                      smallconst   000600
__ptext0                           text0        000B46
__ptext1                           text1        000EE6
__ptext10                          text10       000FCE
__ptext11                          text11       001164
__ptext12                          text12       000992
__ptext13                          text13       00103E
__ptext14                          text14       000F5A
__ptext15                          text15       000C76
__ptext16                          text16       000602
__ptext2                           text2        0011DA
__ptext3                           text3        001232
__ptext4                           text4        000E40
__ptext5                           text5        0011A0
__ptext6                           text6        001128
__ptext7                           text7        0011FA
__ptext8                           text8        000D7C
__ptext9                           text9        0010A2
__ramtop                           ramtop       000600
__smallconst                       smallconst   000600
_can_transmit                      text10       000FCE
_clcd_write                        text5        0011A0
_get_speed                         text8        000D7C
_init_adc                          text7        0011FA
_init_can                          text6        001128
_init_clcd                         text4        000E40
_init_digital_keypad               text3        001232
_init_uart                         text2        0011DA
_main                              text0        000B46
_read_adc                          text9        0010A2
_read_digital_keypad               text1        000EE6
_set_msg_id_std                    text11       001164
can_transmit@data                  cstackCOMRAM 000007
can_transmit@i                     cstackCOMRAM 00000E
can_transmit@len                   cstackCOMRAM 000008
can_transmit@msg_id                cstackCOMRAM 000005
can_transmit@ptr                   cstackCOMRAM 00000C
clcd_write@byte                    cstackCOMRAM 000002
clcd_write@control_bit             cstackCOMRAM 000001
end_of_initialization              cinit        001122
get_speed@adc_speed                cstackCOMRAM 000039
get_speed@adc_val                  cstackCOMRAM 000034
get_speed@speed                    cstackCOMRAM 000036
intlevel0                          text         000000
intlevel1                          text         000000
intlevel2                          text         000000
intlevel3                          text         000000
isa$std                            (abs)        000001
isa$xinst                          (abs)        000000
main@F10519                        dataBANK0    000060
main@g_index                       cstackCOMRAM 000058
main@gear                          cstackCOMRAM 00003D
main@key                           cstackCOMRAM 00005A
read_adc@channel                   cstackCOMRAM 000007
read_adc@reg_val                   cstackCOMRAM 000005
read_digital_keypad@detection_type cstackCOMRAM 000001
read_digital_keypad@once           dataCOMRAM   00005B
read_switches@key                  bssCOMRAM    00005D
read_switches@once                 dataCOMRAM   00005C
set_msg_id_std@id                  cstackCOMRAM 000001
stackhi                            (abs)        000000
stacklo                            (abs)        000000
start                              init         002FFC
start_initialization               cinit        0010E8


MODULE INFORMATION

Module		Function		Class		Link	Load	Size
clcd_ecu1.c
		_clcd_write    		CODE           	11A0	0000	58
		_init_clcd     		CODE           	0E40	0000	166

clcd_ecu1.c estimated size: 224

can_ecu1.c
		_set_msg_id_std		CODE           	1164	0000	60
		_can_transmit  		CODE           	0FCE	0000	112
		_init_can      		CODE           	1128	0000	60

can_ecu1.c estimated size: 232

C:\Program Files\Microchip\xc8\v3.00\pic\sources\c99\common\lwmod.c
		___lwmod       		CODE           	103E	0000	100

C:\Program Files\Microchip\xc8\v3.00\pic\sources\c99\common\lwmod.c estimated size: 100

main_ecu1.c
		_main          		CODE           	0B46	0000	304
		_get_speed     		CODE           	0D7C	0000	196

main_ecu1.c estimated size: 500

adc_ecu1.c
		_init_adc      		CODE           	11FA	0000	28
		_read_adc      		CODE           	10A2	0000	70

adc_ecu1.c estimated size: 98

C:\Program Files\Microchip\xc8\v3.00\pic\sources\c99\common\sprcdiv.c
		___fldiv       		CODE           	0602	0000	912

C:\Program Files\Microchip\xc8\v3.00\pic\sources\c99\common\sprcdiv.c estimated size: 912

shared
		__initialization		CODE           	10E8	0000	58

shared estimated size: 58

C:\Program Files\Microchip\xc8\v3.00\pic\sources\c99\common\xxtofl.c
		___xxtofl      		CODE           	0992	0000	436

C:\Program Files\Microchip\xc8\v3.00\pic\sources\c99\common\xxtofl.c estimated size: 436

uart_ecu1.c
		_init_uart     		CODE           	11DA	0000	32

uart_ecu1.c estimated size: 32

dkp_ecu1.c
		_init_digital_keypad		CODE           	1232	0000	8
		_read_digital_keypad		CODE           	0EE6	0000	116

dkp_ecu1.c estimated size: 124

C:\Program Files\Microchip\xc8\v3.00\pic\sources\c99\common\lwdiv.c
		___lwdiv       		CODE           	0F5A	0000	116

C:\Program Files\Microchip\xc8\v3.00\pic\sources\c99\common\lwdiv.c estimated size: 116

C:\Program Files\Microchip\xc8\v3.00\pic\sources\c99\common\fltol.c
		___fltol       		CODE           	0C76	0000	262

C:\Program Files\Microchip\xc8\v3.00\pic\sources\c99\common\fltol.c estimated size: 262

